An error occurred: name 'text' is not defined
An error occurred: name 'text' is not defined
An error occurred: name 'text' is not defined
An error occurred: name 'text' is not defined
An error occurred: name 'text' is not defined
An error occurred: name 'text' is not defined
An error occurred: name 'text' is not defined
An error occurred: name 'text' is not defined
An error occurred: name 'text' is not defined
